crawling http://WWW.DAVISMARTINDALE.COM/
crawling http://www.187gerrard.com/
crawling http://www.clarkehenning.com
crawling http://www.clarkandhorner.com
crawling http://www.camlaw.on.ca
crawling http://www.ib-ca.com
crawling http://www.belesiotis.com
crawling http://WWW.DANBK.CA
crawling http://www.taxca.com
crawling http://AscentCPA.ca
crawling http://www.arborreef.com
crawling http://www.accountsbydelia.com
crawling http://hp@hparekh.com
crawling http://www.pyc.net
crawling http://www.reydman.ca
crawling http://www.rmtca.ca
crawling http://www.marinucci.ca
crawling http://www.starrceleste-falconeri.com
crawling http://www.trowbridgepc.ca
crawling http://www.ca4it.com
crawling http://www.wlchllp.com
crawling http://kpmg.ca
crawling http://www.azaccountingfirm.ca
crawling http://www.lismont.ca
crawling http://www.ksk.ca
crawling http://www.business-doctor.com
crawling http://www.kingliberty.com
crawling http://www.jonescosman.com
crawling http://irvinggreenca.com
crawling http://www.sggg.com
crawling http://www.cusimanopc.com
crawling http://www.cotax.ca
crawling http://www.ozdencheung.com
crawling http://www.phillipca.com
crawling http://www.pintocpa.ca
crawling http://www.sevitt.ca
crawling http://www.spllp.com
crawling http://www.zeifman.ca
crawling http://www.elderfs.com
crawling http://www.dixongordon.com
crawling http://www.mdta.ca
crawling http://www.c-s.ca
crawling http://www.rbca.ca
crawling http://www.tetnet.com
crawling http://www.mabpartners.ca
crawling http://www.louisisabella.ca
crawling http://www.horn-ca.com
crawling http://rwgic@primus.ca
crawling http://www.faca.ca
crawling http://www.loftusallen.com
crawling http://www.krtaxaccounting.ca
crawling http://www.garybooth.com
crawling http://www.rgcga.com
crawling http://rspcaccounting.com
crawling http://msschnei@aol.com
crawling http://stavreff.com
crawling http://www.homesteadtax.com
crawling http://www.pjthomas.ca
crawling http://www.tang.ca
crawling http://www.iaccountant.ca
crawling http://www.vzca.com
crawling http://www.taxmisers.com
crawling http://www.jvcca.com
crawling http://www.chaplinco.com
crawling http://www.brwc.com
crawling http://www.aapartners.ca
crawling http://www.spaccountingservices.ca
crawling http://www.swcpas.ca
crawling http://www.rumanek.com
crawling http://www.rrpc.ca
crawling http://gramirez.ca
crawling http://www.zmirza.ca
crawling http://www.mirkin.ca
crawling http://www.marsh-goulding.com
crawling http://kushwahaccounting.com
crawling http://www.klingbaumbarkin.com
crawling http://www.kapadiallp.com
crawling http://www.jmyaccounting.com
crawling http://www.jcprofessional.com
crawling http://www.hutchinsoncowling.ca
crawling http://moscoeandcompany.com
crawling http://www.krozkin.ca
crawling http://www.gcse-ca.com
crawling http://www.goldbergca.com
crawling http://www.taxservicesgta.com
crawling http://www.cooperco.ca
crawling http://torontoaccountant.ca
crawling http://www.samseidman.com
crawling http://www.sfgroup.ca
crawling http://www.sloangroup.ca
crawling http://www.sperduti.ca
crawling http://www.spiegelca.com
crawling http://www.pirzadacma.com
crawling http://www.efgcanada.ca
crawling http://vijaysastry.com
crawling http://www.taxbiz.ca
crawling http://www.acctsuccess.com
crawling http://www.robertbrennanaccountant.ca
crawling http://www.jrbowerman.com
crawling http://www.bouriswilson.com
crawling http://ww.naca2.com
crawling http://www.iasplus.ca
crawling http://www.andrews.ca
crawling http://www.almullacas.com
crawling http://www.accountingottawa.com
crawling http://www.abacusca.ca
crawling http://www.comnet.ca
crawling http://www.akitt.ca
crawling http://ronallencpa.ca
crawling http://www.timothyrittenberg.com
crawling http://www.windfall.on.ca
crawling http://www.patersonandcompany.ca
crawling http://www.parkerprinslebano.com
crawling http://www.ohcd.ca
crawling http://www.oag-bvg.gc.ca
crawling http://www.odaiandlaroussi.ca
crawling http://www.mkpca.com
crawling http://www.brownpatry.com
crawling http://www.mcintyreca.com
crawling http://www.mlgpc.ca
crawling http://www.marcil-lavallee.ca
crawling http://www.logankatz.com
crawling http://www.phonimleslie.ca
crawling http://www.lb-ca.ca
crawling http://kultax.com
crawling http://www.intenauts.ca
crawling http://www.klarmstrong.com
crawling http://harringtonhoule.com
crawling http://www.smallbizottawa.ca
crawling http://www.mclartyco.ca
crawling http://www.harringtonhoule.com
crawling http://www.hwllp.ca
crawling http://www.mccayduff.com
crawling http://www.ggfl.ca
crawling http://welchllp.com
crawling http://www.frouin.com
crawling http://www.finlay-ca.com
crawling http://www.finkelman.ca
crawling http://www.feshchenko.com
crawling http://www.dilauro.ca
crawling http://www.collinsbarrowottawa.com
crawling http://cgatax.com
crawling http://www.crowebgk.com
crawling http://www.rcgt.com
crawling http://www.lalondelacroix.com
crawling http://www.downingca.com
crawling http://www.colbymcgeachy.com
crawling http://www.edtax.net/
crawling http://www.gtimmons.com
crawling http://www.taxadvice.ca
crawling http://vanberkom.ca
crawling http://www.johnverheyca.com
crawling http://www.zakconsulting.ca
crawling http://www.zentrify.ca
crawling http://www.lzco.ca
crawling http://www.dykeandmurphy.ca
crawling http://www.crossstreet.ca
crawling http://maryloubrankin.ca
crawling http://www.pac-stisidore.com
crawling http://daviescpa.com
crawling http://www.collinsblay.com
crawling http://www.bouffordca.com
crawling http://macmillancpa.com
crawling http://www.johnstonbeaudette.ca
crawling http://www.yourca.com
crawling http://loseecga.com
crawling http://witheyaddison.com
crawling http://www.tspaccountants.ca
crawling http://www.witheyaddison.com
crawling http://www.ralstonevans.ca
crawling http://www.kevindunn.ca
crawling http://www.sdelormeca.com
crawling http://copebarrett.ca
crawling http://www.collinsbarrowkawarthas.com
crawling http://codyandjames.ca
crawling http://www.alliedassociates.ca
crawling http://www.ca4you.ca
crawling http://www.jbrucetaylor.ca
crawling http://www.huttonangelo.com
crawling http://www.gauvreauCPA.ca
crawling http://www.eagle.ca
crawling http://www.mccollturner.com
crawling http://www.stevenbark.com/
crawling http://www.thorntonca.com
crawling http://www.welchllp.com
crawling http://www.frankweyer.com
crawling http://www.wilkinson.net
crawling http://www.deansinclair.com
crawling http://www.mackillicanandassociates.com
crawling http://www.asksteve.ca
crawling http://www.welchandco.ca
crawling http://www.welchllp.com
crawling http://www.douglasfreeman.ca
crawling http://www.jackprenticecga.ca
crawling http://www.oshawabookkeeper.com
crawling http://www.ajaxpickeringaccounting.ca
crawling http://www.pelton.ca
crawling http://www.mikemokhtar.com
crawling http://www.ianmiddleton.com
crawling http://a-managementsolution.com
crawling http://www.lrth.ca
crawling http://www.pamlittleaccounting.com
crawling http://KORYKIRKCPA.CA
crawling http://www.jthomasmccallum.com
crawling http://www.evanmorrison.ca
crawling http://www.hsmca.com
crawling http://www.lhrca.ca
crawling http://www.rosegriffithscma.com
crawling http://www.rstaccountants.com
crawling http://www.rmjj.ca
crawling http://www.schofieldcma.com
crawling http://www.sharpaccountants.com
crawling http://sullivanco.ca
crawling http://www.stephensutherlandca.com
crawling http://www.avdh.ca
crawling http://www.avpc.ca
crawling http://www.accountingservicescorp.com
crawling http://www.smrcpa.ca
crawling http://www.accountantsonmain.ca
crawling http://www.base-ca.com
crawling http://www.arllp.ca
crawling http://www.lloydlindsay.com
crawling http://www.martinharvey.ca
crawling http://www.harjitghuman.com
crawling http://www.halistra.com
crawling http://www.hagarco.ca
crawling http://www.cagrover.ca
crawling http://www.macgillivray.com
crawling http://www.kamalgoswamicpa.com
crawling http://www.goffin.ca
crawling http://www.ggw.net
crawling http://www.gilmoreandco.com
crawling http://www.gpllp.ca
crawling http://www.ghatorallp.com
crawling http://www.gfsconsulting.ca
crawling http://www.fc-llp.com
crawling http://www.mervynfonseca.com
crawling http://www.farnhamco.ca
crawling http://www.fareed.ca
crawling http://www.michaelfalayecga.com
crawling http://www.cherylcga.ca
crawling http://epr.ca
crawling http://www.es-cpas.com
crawling http://www.djb.com
crawling http://www.dsaccountants.com
crawling http://www.dosanjhcpa.ca
crawling http://daviddenboer.ca
crawling http://deethco.com
crawling http://www.deethco.com
crawling http://www.dangassociates.com
crawling http://www.dpjaincga.com
crawling http://www.cyos.ca
crawling http://www.justmakescents.ca
crawling http://www.crawfordss.com
crawling http://www.crllp.ca
crawling http://www.cccpc.ca
crawling http://www.cbmca.com
crawling http://bruceaccounting.com
crawling http://www.ebcaccounting.com
crawling http://vine.on.ca
crawling http://blueoceanpc.ca
crawling http://www.dlblairca.on.ca
crawling http://www.birdi.ca
crawling http://www.shah-cga.com
crawling http://www.arvinderbhatticga.com
crawling http://www.bgdgroup.com
crawling http://www.bensencpa.ca
crawling http://www.kenbell.ca
crawling http://www.becpa.ca
crawling http://www.bcmpartners.ca
crawling http://www.bccpc.ca
crawling http://www.batemanmackay.com
crawling http://www.barkleycpas.ca
crawling http://WWW.BGLLP.CA
crawling http://bajwacpa.com
crawling http://www.awanservices.com
crawling http://www.aslettca.ca
crawling http://www.csaca.ca
crawling http://rotaru-cga.com
crawling http://www.amscpa.ca
crawling http://www.amersheikh.com
crawling http://www.adamsmiles.com
crawling http://www.acctshare.ca
crawling http://www.aaconsys.com
crawling http://www.henrysca.com
crawling http://www.gatto.ca
crawling http://www.brownlowcas.com
crawling http://www.brb-ca.com
crawling http://www.andrewcpa.com
crawling http://www.wcaaccounting.com
crawling http://www.williamsfm.ca
crawling http://www.wwhcga.ca
crawling http://taxgta.com
crawling http://www.bazarmcbean.com
crawling http://www.rickywong.ca
crawling http://www.wmklca.com
crawling http://www.wormald.ca
crawling http://yangaccounting.ca
crawling http://www.emmacga.com
crawling http://www.Zhs.ca
crawling http://www.andrewfynn.ca
crawling http://www.larosacga.ca
crawling http://www.allenshukster.com
crawling http://www.kbllp.ca
crawling http://www.adian.ca
crawling http://www.ackber.com
crawling http://www.jayce.ca
crawling http://www.jacobsonandassociates.com
crawling http://www.imkoza.ca
crawling http://www.mycga.ca
crawling http://www.impactcpas.ca
crawling http://ianvaseycga.ca
crawling http://www.huzefazaki.ca
crawling http://www.hsmllpcas.com
crawling http://www.claushoyer.on.ca
crawling http://hlcharteredaccountants.com
crawling http://www.helenge.com
crawling http://www.tjhehn.ca
crawling http://www.harrisandpartners.com
crawling http://www.accountingshop.ca
crawling http://www.shenassociates.ca
crawling http://www.hnprofessionals.com
crawling http://www.valguiliscga.ca
crawling http://www.grewalguyatt.ca
crawling http://jggreenfieldcpa.ca
crawling http://grantthornton.ca
crawling http://www.GrantThornton.ca
crawling http://www.cgaaccountant.ca
crawling http://www.dwgoodwincga.com
crawling http://www.edgirardi.ca
crawling http://iginz@sympatico.ca
crawling http://www.giancola.ca
crawling http://wwww.ghaicpa.ca
crawling http://velji.ca
crawling http://WWW.GARELLEK.COM
crawling http://www.businessexpressaccounting.ca
crawling http://www.freedmanca.com
crawling http://www.markfeldstein.net
crawling http://www.feigenbaumlaw.com
crawling http://www.fazzaripartners.com
crawling http://www.wfanaccounting.com
crawling http://www.entllp.com
crawling http://www.ontariopclaw.com
crawling http://www.elizabethdarrach.ca
crawling http://www.eigenmachtcrackower.com
crawling http://WWW.MRCHENKNOWSINCOMTAX.COM
crawling http://www.drossoca.com
crawling http://www.matthewgdixon.com
crawling http://www.disiminomazza.com
crawling http://www.dercole.com
crawling http://www.debbiesitzer.com
crawling http://www.debjohnsonaccounting.com
crawling http://www.spenceaccounting.com
crawling http://www.danesecpa.com
crawling http://www.droradan.ca
crawling http://www.cbcca.ca
crawling http://www.connectcpa.ca
crawling http://benny@bennychu.ca
crawling http://lgpartners.ca
crawling http://www.StevenChong.com
crawling http://www.chimseto.ca
crawling http://www.chantejani.ca
crawling http://www.caforyou.com
crawling http://www.cb-ca.ca
crawling http://www.cjzaccounting.ca
crawling http://www.dburkes.ca
crawling http://sheilabrownca.ca
crawling http://www.brontebay.com
crawling http://www.midlandaccounting.ca
crawling http://www.bfc-ca.com
crawling http://www.awkcpa.com
crawling http://asllp.com
crawling http://www.colleencowan.ca
crawling http://www.bolland.ca
crawling http://www.dbarnett.ca
crawling http://www.kvncga.ca
crawling http://www.kimmacdonald.com
crawling http://www.sien.ca
crawling http://www.pirillo.ca
crawling http://www.at-ca.ca
crawling http://www.vereecke.ca
crawling http://fiableco.ca
crawling http://www.davidhwu.com
crawling http://www.yourbottomline.ws
crawling http://www.yupc.ca
crawling http://us-taxservices.com
crawling http://www.bossygroup.com
crawling http://www.bnggroup.ca
crawling http://www.arkaccounting.com
crawling http://WWW.AMPLIFYLLP.CA
crawling http://www.amberstoneaccounting.com
crawling http://mmandp.com
crawling http://www.adamshaw.ca
crawling http://www.rlb.ca
crawling http://www.nasimaccounting.ca
crawling http://www.jacquelinemorris.ca
crawling http://www.mmandp.com
crawling http://millerandcompany.ca
crawling http://www.mgs-pc.com
crawling http://www.kmclarencma.com
crawling http://www.mac-ca.com
crawling http://www.marklaurincpa.com
crawling http://www.kuppersyoung.ca
crawling http://www.kindycpa.com
crawling http://www.craigkeller.com
crawling http://www.juliephillips.ca
crawling http://www.milla.ca
crawling http://www.goodcas.com
crawling http://www.deborahhughes.ca
crawling http://hmadvisors.ca
crawling http://www.GoodCAs.com
crawling http://desgibbca.com
crawling http://www.flkcpa.com
crawling http://www.hodifrank.com
crawling http://www.embreellp.ca
crawling http://info@dskcga.com
crawling http://www.cpaprotax.com
crawling http://www.curtisvillar.ca
crawling http://www.csdca.com
crawling http://www.cpandg.com
crawling http://www.ckaccounting.ca
crawling http://www.johnstoncardy.com
crawling http://camkeller.on.ca
crawling http://greenandcompany.ca
crawling http://www.gmpca.com
crawling http://www.millards.com
crawling http://www.dwgray.com
crawling http://www.seeksolutions.ca
crawling http://www.swsca.on.ca
crawling http://www.tonin.ca
crawling http://www.vine.on.ca
crawling http://www.weiler.ca
crawling http://www.alanwintrip.ca
crawling http://www.yncllp.ca
crawling http://www.youngandassociates.ca
crawling http://www.pzebroski.ca
crawling http://www.bkf.ca
crawling http://etaxlondon.ca
crawling http://www.armstrongchelonis.com
crawling http://www.alliedgroup.ca
crawling http://www.thetaxguy.ca
crawling http://www.sleegers.com
crawling http://www.skrypnykgroup.com
crawling http://sflatercga.com
crawling http://www.roth-mosey.com
crawling http://www.romaandassociates.vpweb.ca
crawling http://www.rjsaccounting.ca
crawling http://www.renaudpartners.ca
crawling http://www.ptmg.on.ca
crawling http://www.pwc.com
crawling http://www.ppraccountants.com
crawling http://www.jnorrisca.com
crawling http://www.millerouellette.com
crawling http://www.mcclureandco.com
crawling http://www.mbsp.ca
crawling http://www.marcus.on.ca
crawling http://www.lorimanleycpa.com
crawling http://www.meb.on.ca
crawling http://http:
crawling http://www.emlcpa.ca
crawling http://michaelkingca.ca
crawling http://www.dnafinancialservices.ca
crawling http://www.hl.on.ca
crawling http://www.yvonnehillca.com
crawling http://www.hshca.com
crawling http://WWW.HSHD.CA
crawling http://HATHERELLASSOCIATES.COM
crawling http://www.haasmadevries.ca
crawling http://www.grantthornton.ca
crawling http://www.gordonbleeca.com
crawling http://gregorydgarantcpa.ca
crawling http://www.padgettlondon.com
crawling http://www.fammeandco.on.ca
crawling http://www.ey.com
crawling http://www.deloitte.ca
crawling http://www.debrataylorcga.com
crawling http://www.davsimartindale.com
crawling http://www.marilyncrowley.com
crawling http://www.stevebrazier.ca
crawling http://collinsbarrow.com
crawling http://www.accountec.ca
crawling http://www.grahamscottenns.com
crawling http://accountingminds.com
crawling http://www.terrytturnerca.com
crawling http://www.turnermoore.com
crawling http://www.vtllp.com
crawling http://www.vmscpa.ca
crawling http://www.vbsca.ca
crawling http://markawales.ca
crawling http://www.edwardbarker.com
crawling http://www.taxspecialists.ca
crawling http://www.tk.on.ca
crawling http://wardanduptigrove.com
crawling http://www.terrydclark.ca
crawling http://www.bobotech.on.ca
crawling http://www.ssmca.ca
crawling http://www.kpmg.ca
crawling http://www.gt.ca
crawling http://www.ghcpa.ca
crawling http://GrantThornton.ca
crawling http://www.lvpartners.ca
crawling http://www.morleyca.ca
crawling http://www.michaelplastinoca.com
crawling http://www.priddleluckcharteredaccountant.com
crawling http://www.rosspope.com
crawling http://www.fcrca.com
crawling http://www.srwc.com
crawling http://www.stefanizzi.ca
crawling http://www.dscpa.ca
crawling http://www.collinsbarrow.com
crawling http://www.cavar.ca

